[wordpressboss.com/wb/creato-demo/index-particle.html]
[backblue.gif]
[fade.gif]
[index.html]
[wordpressboss.com/wb/creato-demo/index.html]
[wordpressboss.com/wb/creato-demo/assets/images/work/1.jpg]
[wordpressboss.com/wb/creato-demo/assets/images/work/2.jpg]
[wordpressboss.com/wb/creato-demo/assets/images/work/3.jpg]
[wordpressboss.com/wb/creato-demo/assets/images/work/4.jpg]
[wordpressboss.com/wb/creato-demo/assets/images/work/5.jpg]
[wordpressboss.com/wb/creato-demo/assets/images/work/6.jpg]
[wordpressboss.com/wb/creato-demo/assets/js/jquery.min.js]
[wordpressboss.com/wb/creato-demo/assets/bootstrap/js/bootstrap.min.js]
[wordpressboss.com/wb/creato-demo/assets/owlcarousel/js/owl.carousel.min.js]
[wordpressboss.com/wb/creato-demo/assets/js/jquery.mixitup.js]
[wordpressboss.com/wb/creato-demo/assets/js/jquery.stellar.min.js]
[wordpressboss.com/wb/creato-demo/assets/js/particles.min.js]
[wordpressboss.com/wb/creato-demo/assets/js/app.js]
[wordpressboss.com/wb/creato-demo/assets/js/jquery.magnific-popup.min.js]
[wordpressboss.com/wb/creato-demo/assets/js/jquery.mb.YTPlayer.min.js]
[wordpressboss.com/wb/creato-demo/assets/js/wow.min.js]
[wordpressboss.com/wb/creato-demo/assets/js/scripts.js]
[wordpressboss.com/wb/creato-demo/index-particle.html]
[wordpressboss.com/wb/creato-demo/assets/bootstrap/fonts/glyphicons-halflings-regular.eot]
[wordpressboss.com/wb/creato-demo/assets/bootstrap/fonts/glyphicons-halflings-regular.woff2]
[wordpressboss.com/wb/creato-demo/assets/bootstrap/fonts/glyphicons-halflings-regular.ttf]
[wordpressboss.com/wb/creato-demo/assets/bootstrap/css/bootstrap.min.css]
[wordpressboss.com/wb/creato-demo/assets/fonts/fontawesome-webfont3e6e.eot]
[wordpressboss.com/wb/creato-demo/assets/fonts/fontawesome-webfontd41d.eot]
[wordpressboss.com/wb/creato-demo/assets/fonts/fontawesome-webfont3e6e.woff2]
[wordpressboss.com/wb/creato-demo/assets/fonts/fontawesome-webfont3e6e.woff]
[wordpressboss.com/wb/creato-demo/assets/fonts/fontawesome-webfont3e6e.ttf]
[wordpressboss.com/wb/creato-demo/assets/fonts/font-awesome.min.css]
[wordpressboss.com/wb/creato-demo/assets/owlcarousel/css/grabbing.28.delayed]
[www.wordpressboss.com/wb/creato-demo/assets/owlcarousel/css/grabbing.29.delayed]
[wordpressboss.com/wb/creato-demo/assets/owlcarousel/css/owl.carousel.css]
[wordpressboss.com/wb/creato-demo/assets/owlcarousel/css/AjaxLoader.2a.delayed]
[www.wordpressboss.com/wb/creato-demo/assets/owlcarousel/css/AjaxLoader.2b.delayed]
[wordpressboss.com/wb/creato-demo/assets/owlcarousel/css/owl.theme.css]
[wordpressboss.com/wb/creato-demo/assets/css/magnific-popup.css]
[wordpressboss.com/wb/creato-demo/assets/css/animate.min.css]
[wordpressboss.com/wb/creato-demo/assets/css/effects.css]
[wordpressboss.com/wb/creato-demo/assets/css/ytp-regular.2c.delayed]
[wordpressboss.com/wb/creato-demo/assets/css/ytp-regular.2d.delayed]
[wordpressboss.com/wb/creato-demo/assets/images/raster.2e.delayed]
[www.wordpressboss.com/wb/creato-demo/assets/images/raster.2f.delayed]
[wordpressboss.com/wb/creato-demo/assets/images/raster_2x.30.delayed]
[www.wordpressboss.com/wb/creato-demo/assets/images/raster_2x.31.delayed]
[wordpressboss.com/wb/creato-demo/assets/images/raster_dot.32.delayed]
[www.wordpressboss.com/wb/creato-demo/assets/images/raster_dot.33.delayed]
[wordpressboss.com/wb/creato-demo/assets/images/raster_dot_2x.34.delayed]
[www.wordpressboss.com/wb/creato-demo/assets/images/raster_dot_2x.35.delayed]
[wordpressboss.com/wb/creato-demo/assets/css/YTPlayer.css]
[wordpressboss.com/wb/creato-demo/assets/images/bg/bg.jpg]
[wordpressboss.com/wb/creato-demo/assets/images/bg/bg2.37.delayed]
[www.wordpressboss.com/wb/creato-demo/assets/images/bg/bg2.38.delayed]
[wordpressboss.com/wb/creato-demo/assets/css/style.css]
[wordpressboss.com/wb/creato-demo/assets/css/responsive.css]
[wordpressboss.com/wb/creato-demo/index-image.html]
[wordpressboss.com/wb/creato-demo/assets/images/demo1.png]
[wordpressboss.com/wb/creato-demo/assets/images/demo2.png]
[wordpressboss.com/wb/creato-demo/index-youtube.html]
[wordpressboss.com/wb/creato-demo/assets/images/demo3.png]
[wordpressboss.com/wb/creato-demo/index.html]
[wordpressboss.com/wb/creato-demo/assets/bootstrap/fonts/glyphicons-halflings-regulard41d.eot]
[wordpressboss.com/wb/creato-demo/assets/bootstrap/fonts/glyphicons-halflings-regular.svg]
[wordpressboss.com/wb/creato-demo/assets/fonts/fontawesome-webfont3e6e.svg]
[www.wordpressboss.com/wb/creato-demo/assets/owlcarousel/css/grabbing.html]
[www.wordpressboss.com/wb/creato-demo/assets/owlcarousel/css/AjaxLoader.html]
[www.wordpressboss.com/wb/creato-demo/assets/images/raster.html]
[www.wordpressboss.com/wb/creato-demo/assets/images/raster_2x.html]
[www.wordpressboss.com/wb/creato-demo/assets/images/raster_dot.html]
[www.wordpressboss.com/wb/creato-demo/assets/images/raster_dot_2x.html]
[www.wordpressboss.com/wb/creato-demo/assets/images/bg/bg2.html]
[wordpressboss.com/wb/creato-demo/index-image.html]
[wordpressboss.com/wb/creato-demo/index-youtube.html]
[wordpressboss.com/wb/creato-demo/assets/bootstrap/fonts/glyphicons-halflings-regular.eot]
[wordpressboss.com/wb/creato-demo/assets/bootstrap/fonts/glyphicons-halflings-regular.woff2]
[wordpressboss.com/wb/creato-demo/assets/bootstrap/fonts/glyphicons-halflings-regular.woff]
